{"level":"info","time":"2026-08-11T17:23:39Z","message":"Thank you for trying Cloudflare Tunnel. Doing so, without a Cloudflare account, is a quick way to experiment and try it out. However, be aware that these account-less Tunnels have no uptime guarantee, are subject to the Cloudflare Online Services Terms of Use (https://www.cloudflare.com/website-terms/), and Cloudflare reserves the right to investigate your use of Tunnels for violations of such terms. If you intend to use Tunnels in production you should use a pre-created named tunnel by following: https://developers.cloudflare.com/cloudflare-one/connections/connect-apps"}
{"level":"info","time":"2026-08-11T17:23:39Z","message":"Requesting new quick Tunnel on trycloudflare.com..."}
{"level":"info","time":"2026-08-11T17:23:45Z","message":"+--------------------------------------------------------------------------------------------+"}
{"level":"info","time":"2026-08-11T17:23:45Z","message":"|  Your quick Tunnel has been created! Visit it at (it may take some time to be reachable):  |"}
{"level":"info","time":"2026-08-11T17:23:45Z","message":"|  https://caution-matching-combines-travesti.trycloudflare.com                              |"}
{"level":"info","time":"2026-08-11T17:23:45Z","message":"+--------------------------------------------------------------------------------------------+"}
{"level":"info","time":"2026-08-11T17:23:45Z","message":"Cannot determine default configuration path. No file [config.yml config.yaml] in [~/.cloudflared ~/.cloudflare-warp ~/cloudflare-warp]"}
{"level":"info","time":"2026-08-11T17:23:45Z","message":"Version 2026.7.2 (Checksum cdb5d4432f6ae1595654a692a51308b69d2bf7af961f5578d9391837cf072df9)"}
{"level":"info","time":"2026-08-11T17:23:45Z","message":"GOOS: windows, GOVersion: go1.26.4, GoArch: amd64"}
{"level":"info","time":"2026-08-11T17:23:45Z","message":"Settings: map[ha-connections:1 logfile:tunnel.log protocol:quic url:http://localhost:1881]"}
{"level":"info","time":"2026-08-11T17:23:45Z","message":"cloudflared will not automatically update on Windows systems."}
{"level":"info","time":"2026-08-11T17:23:45Z","message":"Generated Connector ID: abc925c4-73c4-44df-918a-0f63e28d9a3b"}
{"level":"info","time":"2026-08-11T17:23:45Z","message":"Initial protocol quic"}
{"level":"info","time":"2026-08-11T17:23:45Z","message":"ICMP proxy will use 192.168.1.59 as source for IPv4"}
{"level":"info","time":"2026-08-11T17:23:45Z","message":"ICMP proxy will use 2001:d08:c2:7cc5:e619:acf3:66d7:c9dd in zone Wi-Fi as source for IPv6"}
{"level":"info","time":"2026-08-11T17:23:45Z","message":"cloudflared does not support loading the system root certificate pool on Windows. Please use --origin-ca-pool <PATH> to specify the path to the certificate pool"}
{"level":"info","time":"2026-08-11T17:23:45Z","message":"ICMP proxy will use 192.168.1.59 as source for IPv4"}
{"level":"info","event":0,"ip":"2606:4700:a8::10","connIndex":0,"time":"2026-08-11T17:23:45Z","message":"Tunnel connection curve preferences: [X25519MLKEM768 CurveID(65074) CurveP256]"}
{"level":"info","time":"2026-08-11T17:23:45Z","message":"ICMP proxy will use 2001:d08:c2:7cc5:e619:acf3:66d7:c9dd in zone Wi-Fi as source for IPv6"}
{"level":"info","time":"2026-08-11T17:23:45Z","message":"Starting metrics server on 127.0.0.1:20241/metrics"}
{"level":"info","time":"2026-08-11T17:23:45Z","message":"+-------------------------------------------------------------------------------------+"}
{"level":"info","time":"2026-08-11T17:23:45Z","message":"|                               CONNECTIVITY PRE-CHECKS                               |"}
{"level":"info","time":"2026-08-11T17:23:45Z","message":"+-------------------------------------------------------------------------------------+"}
{"level":"info","time":"2026-08-11T17:23:45Z","message":"|  COMPONENT         TARGET                     STATUS  DETAILS                       |"}
{"level":"info","time":"2026-08-11T17:23:45Z","message":"|  DNS Resolution    region1.v2.argotunnel.com  PASS    DNS Resolved successfully     |"}
{"level":"info","time":"2026-08-11T17:23:45Z","message":"|  DNS Resolution    region2.v2.argotunnel.com  PASS    DNS Resolved successfully     |"}
{"level":"info","time":"2026-08-11T17:23:45Z","message":"|  UDP Connectivity  region1.v2.argotunnel.com  PASS    QUIC connection successful    |"}
{"level":"info","time":"2026-08-11T17:23:45Z","message":"|  UDP Connectivity  region2.v2.argotunnel.com  PASS    QUIC connection successful    |"}
{"level":"info","time":"2026-08-11T17:23:45Z","message":"|  TCP Connectivity  region1.v2.argotunnel.com  PASS    HTTP/2 connection successful  |"}
{"level":"info","time":"2026-08-11T17:23:45Z","message":"|  TCP Connectivity  region2.v2.argotunnel.com  PASS    HTTP/2 connection successful  |"}
{"level":"info","time":"2026-08-11T17:23:45Z","message":"|  Cloudflare API    api.cloudflare.com:443     PASS    API is reachable              |"}
{"level":"info","time":"2026-08-11T17:23:45Z","message":"|                                                                                     |"}
{"level":"info","time":"2026-08-11T17:23:45Z","message":"|  SUMMARY: Environment is healthy. cloudflared will use 'quic' as primary protocol.  |"}
{"level":"info","time":"2026-08-11T17:23:45Z","message":"+-------------------------------------------------------------------------------------+"}
{"level":"info","run_id":"cfa7d9bf-f197-44bd-8bdf-3f87b6505776","component":"DNS Resolution","target":"region1.v2.argotunnel.com","status":"pass","details":"DNS Resolved successfully","time":"2026-08-11T17:23:45Z","message":"precheck"}
{"level":"info","run_id":"cfa7d9bf-f197-44bd-8bdf-3f87b6505776","component":"DNS Resolution","target":"region2.v2.argotunnel.com","status":"pass","details":"DNS Resolved successfully","time":"2026-08-11T17:23:45Z","message":"precheck"}
{"level":"info","run_id":"cfa7d9bf-f197-44bd-8bdf-3f87b6505776","component":"UDP Connectivity","target":"region1.v2.argotunnel.com","status":"pass","details":"QUIC connection successful","time":"2026-08-11T17:23:45Z","message":"precheck"}
{"level":"info","run_id":"cfa7d9bf-f197-44bd-8bdf-3f87b6505776","component":"UDP Connectivity","target":"region2.v2.argotunnel.com","status":"pass","details":"QUIC connection successful","time":"2026-08-11T17:23:45Z","message":"precheck"}
{"level":"info","run_id":"cfa7d9bf-f197-44bd-8bdf-3f87b6505776","component":"TCP Connectivity","target":"region1.v2.argotunnel.com","status":"pass","details":"HTTP/2 connection successful","time":"2026-08-11T17:23:45Z","message":"precheck"}
{"level":"info","run_id":"cfa7d9bf-f197-44bd-8bdf-3f87b6505776","component":"TCP Connectivity","target":"region2.v2.argotunnel.com","status":"pass","details":"HTTP/2 connection successful","time":"2026-08-11T17:23:45Z","message":"precheck"}
{"level":"info","run_id":"cfa7d9bf-f197-44bd-8bdf-3f87b6505776","component":"Cloudflare API","target":"api.cloudflare.com:443","status":"pass","details":"API is reachable","time":"2026-08-11T17:23:45Z","message":"precheck"}
{"level":"info","run_id":"cfa7d9bf-f197-44bd-8bdf-3f87b6505776","hard_fail":false,"suggested_protocol":"quic","time":"2026-08-11T17:23:45Z","message":"precheck complete"}
{"level":"info","event":0,"connection":"c865ad42-bbab-4d3b-b423-5e4854a0762e","connIndex":0,"location":"sin12","ip":"2606:4700:a8::10","protocol":"quic","time":"2026-08-11T17:23:46Z","message":"Registered tunnel connection"}
{"level":"info","time":"2026-08-11T17:25:24Z","message":"Initiating graceful shutdown due to signal interrupt ..."}
{"level":"info","event":0,"connIndex":0,"ip":"2606:4700:a8::10","time":"2026-08-11T17:25:24Z","message":"Unregistered tunnel connection"}
{"level":"error","event":0,"ip":"2606:4700:a8::10","connIndex":0,"error":"Application error 0x0 (remote)","time":"2026-08-11T17:25:28Z","message":"failed to run the datagram handler"}
{"level":"error","event":0,"ip":"2606:4700:a8::10","connIndex":0,"error":"accept stream listener encountered a failure while serving","time":"2026-08-11T17:25:28Z","message":"failed to serve tunnel connection"}
{"level":"error","event":0,"ip":"2606:4700:a8::10","connIndex":0,"error":"accept stream listener encountered a failure while serving","time":"2026-08-11T17:25:28Z","message":"Serve tunnel error"}
{"level":"info","event":0,"ip":"2606:4700:a8::10","connIndex":0,"time":"2026-08-11T17:25:28Z","message":"Retrying connection in up to 1s"}
{"level":"error","connIndex":0,"time":"2026-08-11T17:25:28Z","message":"Connection terminated"}
{"level":"error","time":"2026-08-11T17:25:28Z","message":"no more connections active and exiting"}
{"level":"info","time":"2026-08-11T17:25:28Z","message":"Tunnel server stopped"}
{"level":"info","time":"2026-08-11T17:25:28Z","message":"Metrics server stopped"}
